<?xml version="1.0" encoding="utf-8"?><testsuites name="pytest tests"><testsuite name="pytest" errors="0" failures="0" skipped="0" tests="30" time="0.024" timestamp="2026-01-28T23:37:19.649582-08:00" hostname="spirit"><testcase classname="tests.core.test_annotators.TestAnnotateGitState" name="test_REQ_d00050_E_git_state_is_idempotent" time="0.000" /><testcase classname="tests.core.test_annotators.TestAnnotateGitState" name="test_annotates_uncommitted" time="0.000" /><testcase classname="tests.core.test_annotators.TestAnnotateGitState" name="test_annotates_untracked" time="0.000" /><testcase classname="tests.core.test_annotators.TestAnnotateGitState" name="test_annotates_branch_changed" time="0.000" /><testcase classname="tests.core.test_annotators.TestAnnotateGitState" name="test_annotates_moved" time="0.000" /><testcase classname="tests.core.test_annotators.TestAnnotateGitState" name="test_defaults_to_false" time="0.000" /><testcase classname="tests.core.test_annotators.TestAnnotateGitState" name="test_skips_non_requirement_nodes" time="0.000" /><testcase classname="tests.core.test_annotators.TestAnnotateGitState" name="test_handles_assertion_id_format" time="0.000" /><testcase classname="tests.core.test_annotators.TestAnnotateDisplayInfo" name="test_REQ_d00050_E_display_info_is_idempotent" time="0.000" /><testcase classname="tests.core.test_annotators.TestAnnotateDisplayInfo" name="test_annotates_roadmap" time="0.000" /><testcase classname="tests.core.test_annotators.TestAnnotateDisplayInfo" name="test_annotates_not_roadmap" time="0.000" /><testcase classname="tests.core.test_annotators.TestAnnotateDisplayInfo" name="test_annotates_conflict" time="0.000" /><testcase classname="tests.core.test_annotators.TestAnnotateDisplayInfo" name="test_annotates_display_filename" time="0.000" /><testcase classname="tests.core.test_annotators.TestAnnotateDisplayInfo" name="test_annotates_repo_prefix" time="0.000" /><testcase classname="tests.core.test_annotators.TestAnnotateDisplayInfo" name="test_defaults_to_core_prefix" time="0.000" /><testcase classname="tests.core.test_annotators.TestAnnotateImplementationFiles" name="test_adds_implementation_files" time="0.000" /><testcase classname="tests.core.test_annotators.TestAnnotateImplementationFiles" name="test_appends_to_existing" time="0.000" /><testcase classname="tests.core.test_annotators.TestCountByLevel" name="test_counts_by_level" time="0.000" /><testcase classname="tests.core.test_annotators.TestCountByRepo" name="test_counts_by_repo" time="0.000" /><testcase classname="tests.core.test_annotators.TestCountImplementationFiles" name="test_counts_total_files" time="0.000" /><testcase classname="tests.core.test_annotators.TestCollectTopics" name="test_collects_topics_from_filenames" time="0.000" /><testcase classname="tests.core.test_annotators.TestGetImplementationStatus" name="test_full_coverage" time="0.000" /><testcase classname="tests.core.test_annotators.TestGetImplementationStatus" name="test_partial_coverage" time="0.000" /><testcase classname="tests.core.test_annotators.TestGetImplementationStatus" name="test_unimplemented" time="0.000" /><testcase classname="tests.core.test_annotators.TestGetImplementationStatus" name="test_defaults_to_unimplemented" time="0.000" /><testcase classname="tests.core.test_annotators.TestGetImplementationStatus" name="test_boundary_99_is_partial" time="0.000" /><testcase classname="tests.core.test_annotators.TestGetImplementationStatus" name="test_boundary_1_is_partial" time="0.000" /><testcase classname="tests.core.test_annotators.TestAggregateIterationBehavior" name="test_REQ_d00051_F_count_by_level_uses_all_nodes" time="0.000" /><testcase classname="tests.core.test_annotators.TestAggregateIterationBehavior" name="test_REQ_d00051_F_count_by_repo_uses_all_nodes" time="0.000" /><testcase classname="tests.core.test_annotators.TestAggregateIterationBehavior" name="test_REQ_d00051_F_collect_topics_uses_all_nodes" time="0.000" /></testsuite></testsuites>